Suggested Order:

rpmpkgs.txt	3 hrs
quarterlypersonalincome.txt 2 days
yum.txt 5 hrs
boot.txt 1 hr
convert.log 12 hrs
ls-l.txt 1 hr
1967Transactions.short 4 hrs
ai.3000 1 hr
ai.big    -- same format as ai.3000 but longer
dibbler.1000 0.5 hr
dibbler.10001  -- same format as dibbler.1000 but longer
